<?xml version="1.0" encoding="utf-8"?><testsuites><testsuite name="pytest" errors="0" failures="0" skipped="0" tests="21" time="9.600" timestamp="2026-03-30T18:55:51.780702-05:00" hostname="cn061.delta.ncsa.illinois.edu"><testcase classname="tests.test_deduplication" name="test_exact_line_deduplication" time="0.023" /><testcase classname="tests.test_deduplication" name="test_minhash_deduplication_exact_duplicates" time="0.012" /><testcase classname="tests.test_deduplication" name="test_minhash_deduplication_fuzzy_duplicates" time="0.348" /><testcase classname="tests.test_extract" name="test_extract_text_from_html_bytes" time="0.005" /><testcase classname="tests.test_langid" name="test_identify_language_english" time="0.002" /><testcase classname="tests.test_langid" name="test_identify_language_chinese_simplified" time="0.000" /><testcase classname="tests.test_pii" name="test_mask_emails_single" time="0.000" /><testcase classname="tests.test_pii" name="test_mask_emails_multiple" time="0.000" /><testcase classname="tests.test_pii" name="test_mask_emails_existing_string" time="0.000" /><testcase classname="tests.test_pii" name="test_mask_phones_single" time="0.000" /><testcase classname="tests.test_pii" name="test_mask_ips" time="0.000" /><testcase classname="tests.test_quality" name="test_classify_quality" time="0.614" /><testcase classname="tests.test_quality" name="test_gopher_valid_input" time="0.030" /><testcase classname="tests.test_quality" name="test_gopher_less_than_50_non_symbol_words" time="0.003" /><testcase classname="tests.test_quality" name="test_gopher_more_than_100000_non_symbol_words" time="2.430" /><testcase classname="tests.test_quality" name="test_gopher_average_word_length_less_than_3" time="0.001" /><testcase classname="tests.test_quality" name="test_gopher_average_word_length_greater_than_10" time="0.003" /><testcase classname="tests.test_quality" name="test_gopher_more_than_30_percent_lines_ending_with_ellipsis" time="0.015" /><testcase classname="tests.test_quality" name="test_gopher_less_than_80_percent_words_with_alphabetic_character" time="0.000" /><testcase classname="tests.test_toxicity" name="test_classify_nsfw" time="0.001" /><testcase classname="tests.test_toxicity" name="test_classify_toxic_speech" time="0.000" /></testsuite></testsuites>